<html>
<body>
<pre>
<h1>µVision Build Log</h1>
<h2>Tool Versions:</h2>
IDE-Version: µVision V5.29.0.0
Copyright (C) 2019 ARM Ltd and ARM Germany GmbH. All rights reserved.
License Information: Ralf Hoffmann, munichmotorsport, LIC=UB411-W06AU-9ZKEB-KNLSQ-K0DQJ-A1N6C
 
Tool Versions:
Toolchain:       MDK-ARM Professional  Version: 5.29.0.0
Toolchain Path:  C:\Program Files\keil uvision\ARM\ARMCC\Bin
C Compiler:      Armcc.exe V5.06 update 6 (build 750)
Assembler:       Armasm.exe V5.06 update 6 (build 750)
Linker/Locator:  ArmLink.exe V5.06 update 6 (build 750)
Library Manager: ArmAr.exe V5.06 update 6 (build 750)
Hex Converter:   FromElf.exe V5.06 update 6 (build 750)
CPU DLL:         SARMCM3.DLL V5.29.0.0
Dialog DLL:      DCM.DLL V1.17.3.0
Target DLL:      UL2CM3.DLL V1.163.0.0
Dialog DLL:      TCM.DLL V1.36.5.0
 
<h2>Project:</h2>
C:\Users\ralfh\Documents\MunicHMotorsportss\wechselrichter_neu\MDK-ARM\wechselrichter_neu.uvprojx
Project File Date:  03/16/2021

<h2>Output:</h2>
*** Using Compiler 'V5.06 update 6 (build 750)', folder: 'C:\Program Files\keil uvision\ARM\ARMCC\Bin'
Build target 'wechselrichter_neu'
compiling main.c...
../Core/Src/main.c(223): warning:  #1035-D: single-precision operand implicitly converted to double-precision
  	i_ab.a = (adc_injected_val[ADC_PHASE_U]-273.)*0.5f;
../Core/Src/main.c(224): warning:  #1035-D: single-precision operand implicitly converted to double-precision
  	i_ab.b = (adc_injected_val[ADC_PHASE_V]-274.)*0.6f;
../Core/Src/main.c: 2 warnings, 0 errors
linking...
Program Size: Code=14100 RO-data=2592 RW-data=68 ZI-data=1340  
FromELF: creating hex file...
wechselrichter_neu\wechselrichter_neu.hex: Warning: Q9931W: Your license for feature Keil will expire in 1 days
Finished: 0 information, 1 warning and 0 error messages.
"wechselrichter_neu\wechselrichter_neu.axf" - 0 Error(s), 2 Warning(s).

<h2>Software Packages used:</h2>

Package Vendor: ARM
                http://www.keil.com/pack/ARM.CMSIS.5.6.0.pack
                ARM.CMSIS.5.6.0
                CMSIS (Cortex Microcontroller Software Interface Standard)
   * Component: CORE Version: 5.3.0
   * Component: DSP Variant: Library Version: 1.7.0

Package Vendor: Keil
                http://www.keil.com/pack/Keil.STM32L4xx_DFP.2.2.0.pack
                Keil.STM32L4xx_DFP.2.2.0
                STMicroelectronics STM32L4 Series Device Support, Drivers and Examples

<h2>Collection of Component include folders:</h2>
  .\RTE\_wechselrichter_neu
  C:\Users\ralfh\AppData\Local\Arm\Packs\ARM\CMSIS\5.6.0\CMSIS\Core\Include
  C:\Users\ralfh\AppData\Local\Arm\Packs\ARM\CMSIS\5.6.0\CMSIS\DSP\Include
  C:\Users\ralfh\AppData\Local\Arm\Packs\Keil\STM32L4xx_DFP\2.2.0\Drivers\CMSIS\Device\ST\STM32L4xx\Include

<h2>Collection of Component Files used:</h2>

   * Component: ARM::CMSIS:CORE:5.3.0

   * Component: ARM::CMSIS:DSP:Library:1.7.0
      Library file:  CMSIS\DSP\Lib\ARM\arm_cortexM4lf_math.lib
      Include file:  CMSIS\DSP\Include\arm_math.h
Build Time Elapsed:  00:00:06
</pre>
</body>
</html>
